components/CVAnalyzerStep.tsx(48,71): error TS2345: Argument of type '{ onDrop: any; accept: { 'application/pdf': string[]; 'application/vnd.openxmlformats-officedocument.wordprocessingml.document': string[]; }; maxFiles: number; disabled: any; }' is not assignable to parameter of type 'DropzoneOptions'.
  Type '{ onDrop: any; accept: { 'application/pdf': string[]; 'application/vnd.openxmlformats-officedocument.wordprocessingml.document': string[]; }; maxFiles: number; disabled: any; }' is missing the following properties from type 'Pick<React.HTMLProps<HTMLElement>, PropTypes>': multiple, onDragEnter, onDragOver, onDragLeave
components/CVUploadZone.tsx(35,71): error TS2345: Argument of type '{ onDrop: any; accept: { 'application/pdf': string[]; }; maxSize: number; multiple: boolean; disabled: any; }' is not assignable to parameter of type 'DropzoneOptions'.
  Type '{ onDrop: any; accept: { 'application/pdf': string[]; }; maxSize: number; multiple: boolean; disabled: any; }' is missing the following properties from type 'Pick<React.HTMLProps<HTMLElement>, PropTypes>': onDragEnter, onDragOver, onDragLeave
components/ErrorBoundary.tsx(27,14): error TS2339: Property 'setState' does not exist on type 'ErrorBoundary'.
components/ErrorBoundary.tsx(31,14): error TS2339: Property 'setState' does not exist on type 'ErrorBoundary'.
components/ErrorBoundary.tsx(40,22): error TS2339: Property 'props' does not exist on type 'ErrorBoundary'.
components/ErrorBoundary.tsx(41,29): error TS2339: Property 'props' does not exist on type 'ErrorBoundary'.
components/ErrorBoundary.tsx(98,21): error TS2339: Property 'props' does not exist on type 'ErrorBoundary'.
components/SupabaseStatusCard.tsx(2,10): error TS2305: Module '"../services/supabaseService"' has no exported member 'fetchTopCareers'.
services/geminiService_cv_function.ts(4,87): error TS2304: Cannot find name 'CVAnalysisResult'.
services/geminiService_cv_function.ts(52,15): error TS2304: Cannot find name 'Type'.
services/geminiService_cv_function.ts(55,23): error TS2304: Cannot find name 'Type'.
services/geminiService_cv_function.ts(59,23): error TS2304: Cannot find name 'Type'.
services/geminiService_cv_function.ts(60,32): error TS2304: Cannot find name 'Type'.
services/geminiService_cv_function.ts(64,23): error TS2304: Cannot find name 'Type'.
services/geminiService_cv_function.ts(66,27): error TS2304: Cannot find name 'Type'.
services/geminiService_cv_function.ts(68,42): error TS2304: Cannot find name 'Type'.
services/geminiService_cv_function.ts(69,40): error TS2304: Cannot find name 'Type'.
services/geminiService_cv_function.ts(70,43): error TS2304: Cannot find name 'Type'.
services/geminiService_cv_function.ts(71,45): error TS2304: Cannot find name 'Type'.
services/geminiService_cv_function.ts(77,23): error TS2304: Cannot find name 'Type'.
services/geminiService_cv_function.ts(81,23): error TS2304: Cannot find name 'Type'.
services/geminiService_cv_function.ts(85,23): error TS2304: Cannot find name 'Type'.
services/geminiService_cv_function.ts(87,36): error TS2304: Cannot find name 'Type'.
services/geminiService_cv_function.ts(88,36): error TS2304: Cannot find name 'Type'.
services/geminiService_cv_function.ts(93,23): error TS2304: Cannot find name 'Type'.
services/geminiService_cv_function.ts(101,12): error TS2304: Cannot find name 'generateAndParseJson'.
services/geminiService_cv_function.ts(101,33): error TS2304: Cannot find name 'CVAnalysisResult'.
services/supabaseService.ts(274,21): error TS2339: Property 'eq' does not exist on type 'PostgrestQueryBuilder<any, any, any, "resume_analysis_cache", unknown>'.
services/supabaseService.ts(278,21): error TS2339: Property 'eq' does not exist on type 'PostgrestQueryBuilder<any, any, any, "resume_analysis_cache", unknown>'.
services/supabaseService.ts(282,21): error TS2339: Property 'lte' does not exist on type 'PostgrestQueryBuilder<any, any, any, "resume_analysis_cache", unknown>'.
supabase/functions/analyze-cv/index.ts(1,23): error TS2307: Cannot find module 'https://deno.land/std@0.168.0/http/server.ts' or its corresponding type declarations.
supabase/functions/analyze-cv/index.ts(2,30): error TS2307: Cannot find module 'https://esm.sh/@supabase/supabase-js@2' or its corresponding type declarations.
supabase/functions/analyze-cv/index.ts(4,24): error TS2304: Cannot find name 'Deno'.
supabase/functions/analyze-cv/index.ts(5,22): error TS2304: Cannot find name 'Deno'.
supabase/functions/analyze-cv/index.ts(6,35): error TS2304: Cannot find name 'Deno'.
supabase/functions/create-preference/index.ts(1,23): error TS2307: Cannot find module 'https://deno.land/std@0.168.0/http/server.ts' or its corresponding type declarations.
supabase/functions/create-preference/index.ts(3,35): error TS2304: Cannot find name 'Deno'.
supabase/functions/create-preference/index.ts(42,34): error TS2304: Cannot find name 'Deno'.
supabase/functions/webhook-mercadopago/index.ts(1,23): error TS2307: Cannot find module 'https://deno.land/std@0.168.0/http/server.ts' or its corresponding type declarations.
supabase/functions/webhook-mercadopago/index.ts(2,30): error TS2307: Cannot find module 'https://esm.sh/@supabase/supabase-js@2' or its corresponding type declarations.
supabase/functions/webhook-mercadopago/index.ts(4,35): error TS2304: Cannot find name 'Deno'.
supabase/functions/webhook-mercadopago/index.ts(5,22): error TS2304: Cannot find name 'Deno'.
supabase/functions/webhook-mercadopago/index.ts(6,35): error TS2304: Cannot find name 'Deno'.
